Copyright 1986-2014 Xilinx, Inc. All Rights Reserved.
-------------------------------------------------------------------------------------------------
| Tool Version : Vivado v.2014.4 (win64) Build 1071353 Tue Nov 18 18:29:27 MST 2014
| Date         : Wed Mar 25 21:31:47 2015
| Host         : 0602-PC running 64-bit major release  (build 9200)
| Command      : report_utilization -file top_utilization_synth.rpt -pb top_utilization_synth.pb
| Design       : top
| Device       : xc7vx690t
| Design State : Synthesized
-------------------------------------------------------------------------------------------------

Utilization Design Information

Table of Contents
-----------------
1. Slice Logic
1.1 Summary of Registers by Type
2. Memory
3. DSP
4. IO and GT Specific
5. Clocking
6. Specific Feature
7. Primitives
8. Black Boxes
9. Instantiated Netlists

1. Slice Logic
--------------

+----------------------------+------+-------+-----------+-------+
|          Site Type         | Used | Fixed | Available | Util% |
+----------------------------+------+-------+-----------+-------+
| Slice LUTs*                | 4565 |     0 |    433200 |  1.05 |
|   LUT as Logic             | 4358 |     0 |    433200 |  1.00 |
|   LUT as Memory            |  207 |     0 |    174200 |  0.11 |
|     LUT as Distributed RAM |    0 |     0 |           |       |
|     LUT as Shift Register  |  207 |     0 |           |       |
| Slice Registers            | 6105 |     0 |    866400 |  0.70 |
|   Register as Flip Flop    | 6035 |     0 |    866400 |  0.69 |
|   Register as Latch        |   70 |     0 |    866400 | <0.01 |
| F7 Muxes                   |   64 |     0 |    216600 |  0.02 |
| F8 Muxes                   |    0 |     0 |    108300 |  0.00 |
+----------------------------+------+-------+-----------+-------+
* Warning! The Final LUT count, after physical optimizations and full implementation, is typically lower. Run opt_design after synthesis, if not already completed, for a more realistic count.


1.1 Summary of Registers by Type
--------------------------------

+-------+--------------+-------------+--------------+
| Total | Clock Enable | Synchronous | Asynchronous |
+-------+--------------+-------------+--------------+
| 0     |            _ |           - |            - |
| 0     |            _ |           - |          Set |
| 0     |            _ |           - |        Reset |
| 0     |            _ |         Set |            - |
| 0     |            _ |       Reset |            - |
| 0     |          Yes |           - |            - |
| 8     |          Yes |           - |          Set |
| 134   |          Yes |           - |        Reset |
| 347   |          Yes |         Set |            - |
| 5616  |          Yes |       Reset |            - |
+-------+--------------+-------------+--------------+


2. Memory
---------

+-------------------+------+-------+-----------+-------+
|     Site Type     | Used | Fixed | Available | Util% |
+-------------------+------+-------+-----------+-------+
| Block RAM Tile    | 36.5 |     0 |      1470 |  2.48 |
|   RAMB36/FIFO*    |   30 |     0 |      1470 |  2.04 |
|     RAMB36E1 only |   30 |       |           |       |
|   RAMB18          |   13 |     0 |      2940 |  0.44 |
|     RAMB18E1 only |   13 |       |           |       |
+-------------------+------+-------+-----------+-------+
* Note: Each Block RAM Tile only has one FIFO logic available and therefore can accommodate only one FIFO36E1 or one FIFO18E1. However, if a FIFO18E1 occupies a Block RAM Tile, that tile can still accommodate a RAMB18E1


3. DSP
------

+----------------+------+-------+-----------+-------+
|    Site Type   | Used | Fixed | Available | Util% |
+----------------+------+-------+-----------+-------+
| DSPs           |   74 |     0 |      3600 |  2.05 |
|   DSP48E1 only |   74 |       |           |       |
+----------------+------+-------+-----------+-------+


4. IO and GT Specific
---------------------

+-----------------------------+------+-------+-----------+-------+
|          Site Type          | Used | Fixed | Available | Util% |
+-----------------------------+------+-------+-----------+-------+
| Bonded IOB                  |   37 |     0 |       850 |  4.35 |
| Bonded IPADs                |    0 |     0 |       110 |  0.00 |
| Bonded OPADs                |    0 |     0 |        72 |  0.00 |
| PHY_CONTROL                 |    0 |     0 |        20 |  0.00 |
| PHASER_REF                  |    0 |     0 |        20 |  0.00 |
| OUT_FIFO                    |    0 |     0 |        80 |  0.00 |
| IN_FIFO                     |    0 |     0 |        80 |  0.00 |
| IDELAYCTRL                  |    0 |     0 |        20 |  0.00 |
| IBUFGDS                     |    0 |     0 |       816 |  0.00 |
| GTHE2_CHANNEL               |    0 |     0 |        36 |  0.00 |
| PHASER_OUT/PHASER_OUT_PHY   |    0 |     0 |        80 |  0.00 |
| PHASER_IN/PHASER_IN_PHY     |    0 |     0 |        80 |  0.00 |
| IDELAYE2/IDELAYE2_FINEDELAY |    0 |     0 |      1000 |  0.00 |
| ODELAYE2/ODELAYE2_FINEDELAY |    0 |     0 |      1000 |  0.00 |
| IBUFDS_GTE2                 |    0 |     0 |        40 |  0.00 |
| ILOGIC                      |    0 |     0 |       850 |  0.00 |
| OLOGIC                      |    1 |     0 |       850 |  0.11 |
|   ODDR                      |    1 |       |           |       |
+-----------------------------+------+-------+-----------+-------+


5. Clocking
-----------

+------------+------+-------+-----------+-------+
|  Site Type | Used | Fixed | Available | Util% |
+------------+------+-------+-----------+-------+
| BUFGCTRL   |    8 |     0 |        32 | 25.00 |
| BUFIO      |    0 |     0 |        80 |  0.00 |
| MMCME2_ADV |    2 |     0 |        20 | 10.00 |
| PLLE2_ADV  |    0 |     0 |        20 |  0.00 |
| BUFMRCE    |    0 |     0 |        40 |  0.00 |
| BUFHCE     |    0 |     0 |       240 |  0.00 |
| BUFR       |    0 |     0 |        80 |  0.00 |
+------------+------+-------+-----------+-------+


6. Specific Feature
-------------------

+-------------+------+-------+-----------+-------+
|  Site Type  | Used | Fixed | Available | Util% |
+-------------+------+-------+-----------+-------+
| BSCANE2     |    0 |     0 |         4 |  0.00 |
| CAPTUREE2   |    0 |     0 |         1 |  0.00 |
| DNA_PORT    |    0 |     0 |         1 |  0.00 |
| EFUSE_USR   |    0 |     0 |         1 |  0.00 |
| FRAME_ECCE2 |    0 |     0 |         1 |  0.00 |
| ICAPE2      |    0 |     0 |         2 |  0.00 |
| PCIE_3_0    |    0 |     0 |         3 |  0.00 |
| STARTUPE2   |    0 |     0 |         1 |  0.00 |
| XADC        |    0 |     0 |         1 |  0.00 |
+-------------+------+-------+-----------+-------+


7. Primitives
-------------

+------------+------+---------------------+
|  Ref Name  | Used | Functional Category |
+------------+------+---------------------+
| FDRE       | 5616 |        Flop & Latch |
| LUT6       | 1748 |                 LUT |
| LUT5       |  885 |                 LUT |
| LUT2       |  735 |                 LUT |
| LUT3       |  650 |                 LUT |
| LUT4       |  490 |                 LUT |
| LUT1       |  480 |                 LUT |
| FDSE       |  347 |        Flop & Latch |
| CARRY4     |  301 |          CarryLogic |
| SRL16E     |  202 |  Distributed Memory |
| DSP48E1    |   74 |    Block Arithmetic |
| LDCE       |   70 |        Flop & Latch |
| MUXF7      |   64 |               MuxFx |
| FDCE       |   64 |        Flop & Latch |
| RAMB36E1   |   30 |        Block Memory |
| OBUF       |   23 |                  IO |
| RAMB18E1   |   13 |        Block Memory |
| IBUF       |    8 |                  IO |
| FDPE       |    8 |        Flop & Latch |
| BUFG       |    8 |               Clock |
| SRLC32E    |    5 |  Distributed Memory |
| MMCME2_ADV |    2 |               Clock |
| IBUFDS     |    2 |                  IO |
| ODDR       |    1 |                  IO |
| OBUFDS     |    1 |                  IO |
+------------+------+---------------------+


8. Black Boxes
--------------

+------------------------+------+
|        Ref Name        | Used |
+------------------------+------+
| link_axis_data_fifo    |    4 |
| trigger_clock_synth    |    1 |
| gig_ethernet_pcs_pma_0 |    1 |
| aurora_8b10b_1         |    1 |
| aurora_8b10b_0         |    1 |
| TP_raw_stub_fifo       |    1 |
+------------------------+------+


9. Instantiated Netlists
------------------------

+----------+------+
| Ref Name | Used |
+----------+------+


