#-----------------------------------------------------------
# Vivado v2014.4 (64-bit)
# SW Build 1071353 on Tue Nov 18 18:24:04 MST 2014
# IP Build 1070531 on Tue Nov 18 01:10:18 MST 2014
# Start of session at: Thu Jan 29 16:44:59 2015
# Process ID: 3624
# Log file: C:/Users/ZhengchengTao/Documents/VC709_IPbus_trigger/project_2/vivado.log
# Journal file: C:/Users/ZhengchengTao/Documents/VC709_IPbus_trigger/project_2\vivado.jou
#-----------------------------------------------------------
start_gui
open_project C:/Users/ZhengchengTao/Documents/VC709_IPbus_trigger/project_2/project_2.xpr
update_compile_order -fileset sources_1
set_property library work [get_files  C:/Users/ZhengchengTao/Documents/VC709_IPbus_trigger/project_2/project_2.srcs/sources_1/imports/sources_1/VC709_ipbus/top/top_vc709_basex.vhd]
update_compile_order -fileset sources_1
update_compile_order -fileset sim_1
set_property library xil_defaultlib [get_files  C:/Users/ZhengchengTao/Documents/VC709_IPbus_trigger/project_2/project_2.srcs/sources_1/imports/sources_1/VC709_ipbus/top/top_vc709_basex.vhd]
update_compile_order -fileset sources_1
update_compile_order -fileset sim_1
set_property library work [get_files  C:/Users/ZhengchengTao/Documents/VC709_IPbus_trigger/project_2/project_2.srcs/sources_1/imports/sources_1/VC709_ipbus/top/top_vc709_basex.vhd]
update_compile_order -fileset sources_1
update_compile_order -fileset sim_1
set_property library xil_defaultlib [get_files  C:/Users/ZhengchengTao/Documents/VC709_IPbus_trigger/project_2/project_2.srcs/sources_1/imports/sources_1/VC709_ipbus/top/top_vc709_basex.vhd]
update_compile_order -fileset sources_1
update_compile_order -fileset sim_1
reset_run TP_raw_stub_fifo_synth_1
reset_run gig_ethernet_pcs_pma_0_synth_1
reset_run synth_1
launch_runs synth_1
wait_on_run synth_1
reset_run synth_1
launch_runs synth_1
wait_on_run synth_1
reset_run synth_1
launch_runs synth_1
wait_on_run synth_1
reset_run synth_1
launch_runs synth_1
wait_on_run synth_1
reset_run synth_1
launch_runs synth_1
wait_on_run synth_1
launch_runs impl_1
wait_on_run impl_1
file mkdir C:/Users/ZhengchengTao/Documents/VC709_IPbus_trigger/project_2/project_2.srcs/sources_1/new
close [ open C:/Users/ZhengchengTao/Documents/VC709_IPbus_trigger/project_2/project_2.srcs/sources_1/new/Aurora_test_vc709.v w ]
add_files C:/Users/ZhengchengTao/Documents/VC709_IPbus_trigger/project_2/project_2.srcs/sources_1/new/Aurora_test_vc709.v
update_compile_order -fileset sources_1
update_compile_order -fileset sources_1
close [ open C:/Users/ZhengchengTao/Documents/VC709_IPbus_trigger/project_2/project_2.srcs/sources_1/new/aurora_channel_minus.v w ]
add_files C:/Users/ZhengchengTao/Documents/VC709_IPbus_trigger/project_2/project_2.srcs/sources_1/new/aurora_channel_minus.v
close [ open C:/Users/ZhengchengTao/Documents/VC709_IPbus_trigger/project_2/project_2.srcs/sources_1/new/aurora_channel_plus.v w ]
add_files C:/Users/ZhengchengTao/Documents/VC709_IPbus_trigger/project_2/project_2.srcs/sources_1/new/aurora_channel_plus.v
update_compile_order -fileset sources_1
close [ open C:/Users/ZhengchengTao/Documents/VC709_IPbus_trigger/project_2/project_2.srcs/sources_1/new/Aurora_Channel_1.v w ]
add_files C:/Users/ZhengchengTao/Documents/VC709_IPbus_trigger/project_2/project_2.srcs/sources_1/new/Aurora_Channel_1.v
close [ open C:/Users/ZhengchengTao/Documents/VC709_IPbus_trigger/project_2/project_2.srcs/sources_1/new/Aurora_Channel_2.v w ]
add_files C:/Users/ZhengchengTao/Documents/VC709_IPbus_trigger/project_2/project_2.srcs/sources_1/new/Aurora_Channel_2.v
update_compile_order -fileset sources_1
set_property is_enabled false [get_files  C:/Users/ZhengchengTao/Documents/VC709_IPbus_trigger/project_2/project_2.srcs/sources_1/new/aurora_channel_minus.v]
remove_files C:/Users/ZhengchengTao/Documents/VC709_IPbus_trigger/project_2/project_2.srcs/sources_1/new/aurora_channel_minus.v
remove_files C:/Users/ZhengchengTao/Documents/VC709_IPbus_trigger/project_2/project_2.srcs/sources_1/new/aurora_channel_plus.v
update_compile_order -fileset sources_1
remove_files C:/Users/ZhengchengTao/Documents/VC709_IPbus_trigger/project_2/project_2.srcs/sources_1/new/Aurora_Channel_1.v
remove_files C:/Users/ZhengchengTao/Documents/VC709_IPbus_trigger/project_2/project_2.srcs/sources_1/new/Aurora_Channel_2.v
close [ open C:/Users/ZhengchengTao/Documents/VC709_IPbus_trigger/project_2/project_2.srcs/sources_1/new/Aurora_Channel_1.v w ]
add_files C:/Users/ZhengchengTao/Documents/VC709_IPbus_trigger/project_2/project_2.srcs/sources_1/new/Aurora_Channel_1.v
close [ open C:/Users/ZhengchengTao/Documents/VC709_IPbus_trigger/project_2/project_2.srcs/sources_1/new/Aurora_Channel_0.v w ]
add_files C:/Users/ZhengchengTao/Documents/VC709_IPbus_trigger/project_2/project_2.srcs/sources_1/new/Aurora_Channel_0.v
update_compile_order -fileset sources_1
update_compile_order -fileset sources_1
update_compile_order -fileset sources_1
update_compile_order -fileset sources_1
update_compile_order -fileset sources_1
create_ip -name axis_data_fifo -vendor xilinx.com -library ip -version 1.1 -module_name axis_data_fifo_0
set_property -dict [list CONFIG.TDATA_NUM_BYTES {4} CONFIG.IS_ACLK_ASYNC {1} CONFIG.ACLKEN_CONV_MODE {0} CONFIG.HAS_TKEEP {1} CONFIG.HAS_TLAST {1}] [get_ips axis_data_fifo_0]
generate_target {instantiation_template} [get_files c:/Users/ZhengchengTao/Documents/VC709_IPbus_trigger/project_2/project_2.srcs/sources_1/ip/axis_data_fifo_0/axis_data_fifo_0.xci]
update_compile_order -fileset sources_1
remove_files c:/Users/ZhengchengTao/Documents/VC709_IPbus_trigger/project_2/project_2.srcs/sources_1/ip/axis_data_fifo_0/axis_data_fifo_0.xci
create_ip -name axis_data_fifo -vendor xilinx.com -library ip -version 1.1 -module_name link_axis_data_fifo
set_property -dict [list CONFIG.TDATA_NUM_BYTES {4} CONFIG.FIFO_MODE {1} CONFIG.IS_ACLK_ASYNC {1} CONFIG.HAS_TKEEP {1} CONFIG.HAS_TLAST {1}] [get_ips link_axis_data_fifo]
generate_target {instantiation_template} [get_files c:/Users/ZhengchengTao/Documents/VC709_IPbus_trigger/project_2/project_2.srcs/sources_1/ip/link_axis_data_fifo/link_axis_data_fifo.xci]
update_compile_order -fileset sources_1
generate_target all [get_files  c:/Users/ZhengchengTao/Documents/VC709_IPbus_trigger/project_2/project_2.srcs/sources_1/ip/link_axis_data_fifo/link_axis_data_fifo.xci]
create_ip_run [get_files -of_objects [get_fileset sources_1] c:/Users/ZhengchengTao/Documents/VC709_IPbus_trigger/project_2/project_2.srcs/sources_1/ip/link_axis_data_fifo/link_axis_data_fifo.xci]
launch_run  link_axis_data_fifo_synth_1
close [ open C:/Users/ZhengchengTao/Documents/VC709_IPbus_trigger/project_2/project_2.srcs/sources_1/new/aurora_8b10b_clock_module.v w ]
add_files C:/Users/ZhengchengTao/Documents/VC709_IPbus_trigger/project_2/project_2.srcs/sources_1/new/aurora_8b10b_clock_module.v
update_compile_order -fileset sources_1
update_compile_order -fileset sources_1
close [ open C:/Users/ZhengchengTao/Documents/VC709_IPbus_trigger/project_2/project_2.srcs/sources_1/new/aurora_8b10b_standard_cc_module.v w ]
add_files C:/Users/ZhengchengTao/Documents/VC709_IPbus_trigger/project_2/project_2.srcs/sources_1/new/aurora_8b10b_standard_cc_module.v
update_compile_order -fileset sources_1
update_compile_order -fileset sources_1
update_compile_order -fileset sources_1
close [ open C:/Users/ZhengchengTao/Documents/VC709_IPbus_trigger/project_2/project_2.srcs/sources_1/new/aurora_8b10b_support_reset_logic.v w ]
add_files C:/Users/ZhengchengTao/Documents/VC709_IPbus_trigger/project_2/project_2.srcs/sources_1/new/aurora_8b10b_support_reset_logic.v
update_compile_order -fileset sources_1
update_compile_order -fileset sources_1
update_compile_order -fileset sources_1
close [ open C:/Users/ZhengchengTao/Documents/VC709_IPbus_trigger/project_2/project_2.srcs/sources_1/new/aurora_8b10b_cdc_sync_exdes.v w ]
add_files C:/Users/ZhengchengTao/Documents/VC709_IPbus_trigger/project_2/project_2.srcs/sources_1/new/aurora_8b10b_cdc_sync_exdes.v
update_compile_order -fileset sources_1
update_compile_order -fileset sources_1
close [ open C:/Users/ZhengchengTao/Documents/VC709_IPbus_trigger/project_2/project_2.srcs/sources_1/new/aurora_io_block.v w ]
add_files C:/Users/ZhengchengTao/Documents/VC709_IPbus_trigger/project_2/project_2.srcs/sources_1/new/aurora_io_block.v
update_compile_order -fileset sources_1
update_compile_order -fileset sources_1
update_compile_order -fileset sources_1
close [ open C:/Users/ZhengchengTao/Documents/VC709_IPbus_trigger/project_2/project_2.srcs/sources_1/new/reg_ce2.v w ]
add_files C:/Users/ZhengchengTao/Documents/VC709_IPbus_trigger/project_2/project_2.srcs/sources_1/new/reg_ce2.v
update_compile_order -fileset sources_1
update_compile_order -fileset sources_1
