#-----------------------------------------------------------
# Vivado v2014.4 (64-bit)
# SW Build 1071353 on Tue Nov 18 18:29:27 MST 2014
# IP Build 1070531 on Tue Nov 18 01:10:18 MST 2014
# Start of session at: Mon Mar 16 16:42:41 2015
# Process ID: 1900
# Log file: C:/Users/Zhengcheng Tao/Documents/VC709_IPbus_trigger/project_2/vivado.log
# Journal file: C:/Users/Zhengcheng Tao/Documents/VC709_IPbus_trigger/project_2\vivado.jou
#-----------------------------------------------------------
start_gui
open_project {C:/Users/Zhengcheng Tao/Documents/VC709_IPbus_trigger/project_2/project_2.xpr}
update_compile_order -fileset sources_1
update_compile_order -fileset sim_1
set_property source_mgmt_mode DisplayOnly [current_project]
file mkdir C:/Users/Zhengcheng Tao/Documents/VC709_IPbus_trigger/project_2/project_2.srcs/sim_1/new
file mkdir C:/Users/Zhengcheng Tao/Documents/VC709_IPbus_trigger/project_2/project_2.srcs/sim_1/new
file mkdir C:/Users/Zhengcheng Tao/Documents/VC709_IPbus_trigger/project_2/project_2.srcs/sim_1/new
file mkdir C:/Users/Zhengcheng Tao/Documents/VC709_IPbus_trigger/project_2/project_2.srcs/sim_1/new
file mkdir C:/Users/Zhengcheng Tao/Documents/VC709_IPbus_trigger/project_2/project_2.srcs/sim_1/new
set_property SOURCE_SET sources_1 [get_filesets sim_1]
file mkdir C:/Users/Zhengcheng Tao/Documents/VC709_IPbus_trigger/project_2/project_2.srcs/sim_1/new
file mkdir {C:/Users/Zhengcheng Tao/Documents/VC709_IPbus_trigger/project_2/project_2.srcs/sim_1/new}
close [ open {C:/Users/Zhengcheng Tao/Documents/VC709_IPbus_trigger/project_2/project_2.srcs/sim_1/new/aurora_sim.v} w ]
add_files -fileset sim_1 {{C:/Users/Zhengcheng Tao/Documents/VC709_IPbus_trigger/project_2/project_2.srcs/sim_1/new/aurora_sim.v}}
remove_files -fileset sim_1 {{C:/Users/Zhengcheng Tao/Downloads/aurora_sim.v}}
reset_run trigger_clock_synth_synth_1
reset_run aurora_8b10b_0_synth_1
reset_run aurora_8b10b_1_synth_1
reset_run gig_ethernet_pcs_pma_0_synth_1
reset_run link_axis_data_fifo_synth_1
reset_run TP_raw_stub_fifo_synth_1
reset_run synth_1
launch_runs impl_1
wait_on_run impl_1
reset_run gig_ethernet_pcs_pma_0_synth_1
reset_run link_axis_data_fifo_synth_1
reset_run TP_raw_stub_fifo_synth_1
reset_run synth_1
launch_runs synth_1
wait_on_run synth_1
reset_target all [get_files  {{C:/Users/Zhengcheng Tao/Documents/VC709_IPbus_trigger/project_2/project_2.srcs/sources_1/ip/link_axis_data_fifo/link_axis_data_fifo.xci}}]
delete_ip_run [get_files -of_objects [get_fileset link_axis_data_fifo] {{C:/Users/Zhengcheng Tao/Documents/VC709_IPbus_trigger/project_2/project_2.srcs/sources_1/ip/link_axis_data_fifo/link_axis_data_fifo.xci}}]
reset_target all [get_files  {{C:/Users/Zhengcheng Tao/Documents/VC709_IPbus_trigger/project_2/project_2.srcs/sources_1/ip/gig_ethernet_pcs_pma_0/gig_ethernet_pcs_pma_0.xci}}]
delete_ip_run [get_files -of_objects [get_fileset gig_ethernet_pcs_pma_0] {{C:/Users/Zhengcheng Tao/Documents/VC709_IPbus_trigger/project_2/project_2.srcs/sources_1/ip/gig_ethernet_pcs_pma_0/gig_ethernet_pcs_pma_0.xci}}]
reset_target all [get_files  {{C:/Users/Zhengcheng Tao/Documents/VC709_IPbus_trigger/project_2/project_2.srcs/sources_1/ip/TP_raw_stub_fifo/TP_raw_stub_fifo.xci}}]
delete_ip_run [get_files -of_objects [get_fileset TP_raw_stub_fifo] {{C:/Users/Zhengcheng Tao/Documents/VC709_IPbus_trigger/project_2/project_2.srcs/sources_1/ip/TP_raw_stub_fifo/TP_raw_stub_fifo.xci}}]
generate_target all [get_files  {{C:/Users/Zhengcheng Tao/Documents/VC709_IPbus_trigger/project_2/project_2.srcs/sources_1/ip/gig_ethernet_pcs_pma_0/gig_ethernet_pcs_pma_0.xci}}]
create_ip_run [get_files -of_objects [get_fileset sources_1] {{C:/Users/Zhengcheng Tao/Documents/VC709_IPbus_trigger/project_2/project_2.srcs/sources_1/ip/gig_ethernet_pcs_pma_0/gig_ethernet_pcs_pma_0.xci}}]
launch_run  gig_ethernet_pcs_pma_0_synth_1
generate_target all [get_files  {{C:/Users/Zhengcheng Tao/Documents/VC709_IPbus_trigger/project_2/project_2.srcs/sources_1/ip/link_axis_data_fifo/link_axis_data_fifo.xci}}]
create_ip_run [get_files -of_objects [get_fileset sources_1] {{C:/Users/Zhengcheng Tao/Documents/VC709_IPbus_trigger/project_2/project_2.srcs/sources_1/ip/link_axis_data_fifo/link_axis_data_fifo.xci}}]
launch_run  link_axis_data_fifo_synth_1
generate_target all [get_files  {{C:/Users/Zhengcheng Tao/Documents/VC709_IPbus_trigger/project_2/project_2.srcs/sources_1/ip/TP_raw_stub_fifo/TP_raw_stub_fifo.xci}}]
create_ip_run [get_files -of_objects [get_fileset sources_1] {{C:/Users/Zhengcheng Tao/Documents/VC709_IPbus_trigger/project_2/project_2.srcs/sources_1/ip/TP_raw_stub_fifo/TP_raw_stub_fifo.xci}}]
launch_run  TP_raw_stub_fifo_synth_1
reset_run synth_1
launch_runs synth_1
wait_on_run synth_1
launch_runs impl_1
wait_on_run impl_1
reset_run synth_1
launch_runs impl_1 -to_step write_bitstream
wait_on_run impl_1
open_hw
connect_hw_server -url localhost:3121
current_hw_target [get_hw_targets */xilinx_tcf/Digilent/210203826185A]
set_property PARAM.FREQUENCY 15000000 [get_hw_targets */xilinx_tcf/Digilent/210203826185A]
open_hw_target
set_property PROGRAM.FILE {C:/Users/Zhengcheng Tao/Documents/VC709_IPbus_trigger/project_2/project_2.runs/impl_1/top.bit} [lindex [get_hw_devices] 0]
set_property PROBES.FILE {} [lindex [get_hw_devices] 0]
set_property PROGRAM.FILE {C:/temp/top.bit} [lindex [get_hw_devices] 0]
program_hw_devices [lindex [get_hw_devices] 0]
refresh_hw_device [lindex [get_hw_devices] 0]
close_hw
reset_run synth_1
launch_runs impl_1
wait_on_run impl_1
launch_runs impl_1 -to_step write_bitstream
wait_on_run impl_1
open_hw
connect_hw_server -url localhost:3121
current_hw_target [get_hw_targets */xilinx_tcf/Digilent/210203826185A]
set_property PARAM.FREQUENCY 15000000 [get_hw_targets */xilinx_tcf/Digilent/210203826185A]
open_hw_target
set_property PROGRAM.FILE {C:\temp\top.bit} [lindex [get_hw_devices] 0]
set_property PROBES.FILE {C:/temp/debug_nets.ltx} [lindex [get_hw_devices] 0]
current_hw_device [lindex [get_hw_devices] 0]
refresh_hw_device -update_hw_probes false [lindex [get_hw_devices] 0]
close_hw
reset_run synth_1
launch_runs impl_1
wait_on_run impl_1
launch_runs impl_1 -to_step write_bitstream
wait_on_run impl_1
open_hw
connect_hw_server -url localhost:3121
current_hw_target [get_hw_targets */xilinx_tcf/Digilent/210203826185A]
set_property PARAM.FREQUENCY 15000000 [get_hw_targets */xilinx_tcf/Digilent/210203826185A]
open_hw_target
set_property PROGRAM.FILE {C:\temp\top.bit} [lindex [get_hw_devices] 0]
set_property PROBES.FILE {C:/temp/debug_nets.ltx} [lindex [get_hw_devices] 0]
current_hw_device [lindex [get_hw_devices] 0]
refresh_hw_device -update_hw_probes false [lindex [get_hw_devices] 0]
set_property PROBES.FILE {} [lindex [get_hw_devices] 0]
set_property PROGRAM.FILE {C:/temp/top.bit} [lindex [get_hw_devices] 0]
program_hw_devices [lindex [get_hw_devices] 0]
refresh_hw_device [lindex [get_hw_devices] 0]
close_hw
close [ open {C:/Users/Zhengcheng Tao/Documents/VC709_IPbus_trigger/project_2/project_2.srcs/sources_1/new/Reset_Synchronizer.v} w ]
add_files {{C:/Users/Zhengcheng Tao/Documents/VC709_IPbus_trigger/project_2/project_2.srcs/sources_1/new/Reset_Synchronizer.v}}
reset_run synth_1
launch_runs impl_1
wait_on_run impl_1
launch_runs impl_1 -to_step write_bitstream
wait_on_run impl_1
open_hw
connect_hw_server -url localhost:3121
current_hw_target [get_hw_targets */xilinx_tcf/Digilent/210203826185A]
set_property PARAM.FREQUENCY 15000000 [get_hw_targets */xilinx_tcf/Digilent/210203826185A]
open_hw_target
set_property PROGRAM.FILE {C:\temp\top.bit} [lindex [get_hw_devices] 0]
set_property PROBES.FILE {C:/temp/debug_nets.ltx} [lindex [get_hw_devices] 0]
current_hw_device [lindex [get_hw_devices] 0]
refresh_hw_device -update_hw_probes false [lindex [get_hw_devices] 0]
set_property PROBES.FILE {} [lindex [get_hw_devices] 0]
set_property PROGRAM.FILE {C:/temp/top.bit} [lindex [get_hw_devices] 0]
program_hw_devices [lindex [get_hw_devices] 0]
refresh_hw_device [lindex [get_hw_devices] 0]
close_hw
reset_run synth_1
launch_runs impl_1
wait_on_run impl_1
launch_runs impl_1 -to_step write_bitstream
wait_on_run impl_1
open_hw
connect_hw_server -url localhost:3121
current_hw_target [get_hw_targets */xilinx_tcf/Digilent/210203826185A]
set_property PARAM.FREQUENCY 15000000 [get_hw_targets */xilinx_tcf/Digilent/210203826185A]
open_hw_target
set_property PROGRAM.FILE {C:\temp\top.bit} [lindex [get_hw_devices] 0]
set_property PROBES.FILE {C:/temp/debug_nets.ltx} [lindex [get_hw_devices] 0]
current_hw_device [lindex [get_hw_devices] 0]
refresh_hw_device -update_hw_probes false [lindex [get_hw_devices] 0]
set_property PROBES.FILE {} [lindex [get_hw_devices] 0]
set_property PROGRAM.FILE {C:/temp/top.bit} [lindex [get_hw_devices] 0]
program_hw_devices [lindex [get_hw_devices] 0]
refresh_hw_device [lindex [get_hw_devices] 0]
close_hw
